------------------------------------------------------------
TimeQuest Timing Analyzer Summary
------------------------------------------------------------

Type  : Slow 1200mV 85C Model Setup 'clkin'
Slack : -3.927
TNS   : -48.860

Type  : Slow 1200mV 85C Model Setup 'clk_generator:comb_3|clkout'
Slack : -1.053
TNS   : -5.168

Type  : Slow 1200mV 85C Model Hold 'clk_generator:comb_3|clkout'
Slack : 0.403
TNS   : 0.000

Type  : Slow 1200mV 85C Model Hold 'clkin'
Slack : 0.440
TNS   : 0.000

Type  : Slow 1200mV 85C Model Minimum Pulse Width 'clkin'
Slack : -3.000
TNS   : -36.410

Type  : Slow 1200mV 85C Model Minimum Pulse Width 'clk_generator:comb_3|clkout'
Slack : -1.285
TNS   : -10.280

Type  : Slow 1200mV 0C Model Setup 'clkin'
Slack : -3.550
TNS   : -41.539

Type  : Slow 1200mV 0C Model Setup 'clk_generator:comb_3|clkout'
Slack : -0.869
TNS   : -4.046

Type  : Slow 1200mV 0C Model Hold 'clk_generator:comb_3|clkout'
Slack : 0.354
TNS   : 0.000

Type  : Slow 1200mV 0C Model Hold 'clkin'
Slack : 0.398
TNS   : 0.000

Type  : Slow 1200mV 0C Model Minimum Pulse Width 'clkin'
Slack : -3.000
TNS   : -36.410

Type  : Slow 1200mV 0C Model Minimum Pulse Width 'clk_generator:comb_3|clkout'
Slack : -1.285
TNS   : -10.280

Type  : Fast 1200mV 0C Model Setup 'clkin'
Slack : -1.428
TNS   : -11.430

Type  : Fast 1200mV 0C Model Setup 'clk_generator:comb_3|clkout'
Slack : 0.009
TNS   : 0.000

Type  : Fast 1200mV 0C Model Hold 'clk_generator:comb_3|clkout'
Slack : 0.181
TNS   : 0.000

Type  : Fast 1200mV 0C Model Hold 'clkin'
Slack : 0.199
TNS   : 0.000

Type  : Fast 1200mV 0C Model Minimum Pulse Width 'clkin'
Slack : -3.000
TNS   : -30.571

Type  : Fast 1200mV 0C Model Minimum Pulse Width 'clk_generator:comb_3|clkout'
Slack : -1.000
TNS   : -8.000

------------------------------------------------------------
